// Jest Snapshot v1, https://goo.gl/fbAQLP

exports[`should render ExpenseListItem correctly 1`] = `
<div>
  <Link
    to="/edit/1"
  >
    <h2>
      gum
    </h2>
  </Link>
  <p>
    $0.90
    -
    December 31st, 1969
  </p>
</div>
`;
