// Jest Snapshot v1, https://goo.gl/fbAQLP

exports[`should render Header correctly 1`] = `
<header>
  <h1>
    Expensify 
  </h1>
  <NavLink
    activeClassName="is-active"
    to="/"
  >
    Go ExpenseDashboardPage
  </NavLink>
  <NavLink
    activeClassName="is-active"
    to="/create"
  >
    Go AddExpense
  </NavLink>
  <button
    onClick={[Function]}
  >
     Logout 
  </button>
</header>
`;
