// Jest Snapshot v1, https://goo.gl/fbAQLP

exports[`should correctly render login page 1`] = `
<div
  className="box-layout"
>
  <div>
    <h1>
       Expensify Aap 
    </h1>
    <p>
       It's time to get your expenses under control.
    </p>
    <button>
      Login
    </button>
  </div>
</div>
`;
